// Vitest Snapshot v1

exports[`intitial render 1`] = `
{
  "asFragment": [Function],
  "baseElement": <body>
    <div>
      <h1
        class="my-4 text-center text-3xl font-extrabold"
      >
        Scoreboard App
      </h1>
      <main
        class="flex flex-col items-center gap-y-4"
      >
        <label
          class="sr-only"
          for="sport-select"
        >
          Choose a pet:
        </label>
        <select
          id="sport-select"
        >
          <option
            value=""
          >
            --Please choose your sport--
          </option>
          <option
            value="‚öΩ/üèí"
          >
            ‚öΩ/üèí
          </option>
          <option
            value="üèÄ"
          >
            üèÄ
          </option>
          <option
            value="üèà"
          >
            üèà
          </option>
        </select>
        <label
          class="sr-only"
          for="periods"
        >
          Number of Periods
        </label>
        <input
          class="rounded-md border border-gray-300 p-2"
          id="periods"
          placeholder="Number of Periods"
          type="number"
          value=""
        />
        <label
          class="sr-only"
          for="time"
        >
          Time per period? (minutes)
        </label>
        <input
          class="rounded-md border border-gray-300 p-2"
          id="time"
          placeholder="Time per period? (minutes)"
          type="number"
          value=""
        />
        <button
          class="rounded bg-green-500 px-4 py-2 text-white"
          data-count="Go!"
        >
          Go!
        </button>
      </main>
    </div>
  </body>,
  "container": <div>
    <h1
      class="my-4 text-center text-3xl font-extrabold"
    >
      Scoreboard App
    </h1>
    <main
      class="flex flex-col items-center gap-y-4"
    >
      <label
        class="sr-only"
        for="sport-select"
      >
        Choose a pet:
      </label>
      <select
        id="sport-select"
      >
        <option
          value=""
        >
          --Please choose your sport--
        </option>
        <option
          value="‚öΩ/üèí"
        >
          ‚öΩ/üèí
        </option>
        <option
          value="üèÄ"
        >
          üèÄ
        </option>
        <option
          value="üèà"
        >
          üèà
        </option>
      </select>
      <label
        class="sr-only"
        for="periods"
      >
        Number of Periods
      </label>
      <input
        class="rounded-md border border-gray-300 p-2"
        id="periods"
        placeholder="Number of Periods"
        type="number"
        value=""
      />
      <label
        class="sr-only"
        for="time"
      >
        Time per period? (minutes)
      </label>
      <input
        class="rounded-md border border-gray-300 p-2"
        id="time"
        placeholder="Time per period? (minutes)"
        type="number"
        value=""
      />
      <button
        class="rounded bg-green-500 px-4 py-2 text-white"
        data-count="Go!"
      >
        Go!
      </button>
    </main>
  </div>,
  "debug": [Function],
  "findAllByAltText": [Function],
  "findAllByDisplayValue": [Function],
  "findAllByLabelText": [Function],
  "findAllByPlaceholderText": [Function],
  "findAllByRole": [Function],
  "findAllByTestId": [Function],
  "findAllByText": [Function],
  "findAllByTitle": [Function],
  "findByAltText": [Function],
  "findByDisplayValue": [Function],
  "findByLabelText": [Function],
  "findByPlaceholderText": [Function],
  "findByRole": [Function],
  "findByTestId": [Function],
  "findByText": [Function],
  "findByTitle": [Function],
  "getAllByAltText": [Function],
  "getAllByDisplayValue": [Function],
  "getAllByLabelText": [Function],
  "getAllByPlaceholderText": [Function],
  "getAllByRole": [Function],
  "getAllByTestId": [Function],
  "getAllByText": [Function],
  "getAllByTitle": [Function],
  "getByAltText": [Function],
  "getByDisplayValue": [Function],
  "getByLabelText": [Function],
  "getByPlaceholderText": [Function],
  "getByRole": [Function],
  "getByTestId": [Function],
  "getByText": [Function],
  "getByTitle": [Function],
  "queryAllByAltText": [Function],
  "queryAllByDisplayValue": [Function],
  "queryAllByLabelText": [Function],
  "queryAllByPlaceholderText": [Function],
  "queryAllByRole": [Function],
  "queryAllByTestId": [Function],
  "queryAllByText": [Function],
  "queryAllByTitle": [Function],
  "queryByAltText": [Function],
  "queryByDisplayValue": [Function],
  "queryByLabelText": [Function],
  "queryByPlaceholderText": [Function],
  "queryByRole": [Function],
  "queryByTestId": [Function],
  "queryByText": [Function],
  "queryByTitle": [Function],
  "rerender": [Function],
  "unmount": [Function],
}
`;
