// Vitest Snapshot v1

exports[`renders the scoreboard 1`] = `
{
  "asFragment": [Function],
  "baseElement": <body>
    <div>
      <section
        class="flex flex-row gap-x-8"
      >
        <div
          class="flex flex-col items-center"
        >
          <h2
            class="text-2xl"
          >
            Home
          </h2>
          <p
            class="text-4xl"
            data-testid="home-score"
          >
            0
          </p>
        </div>
        <div
          class="flex flex-col items-center gap-y-4"
        >
          <div
            class="flex flex-col items-center"
          >
            <h2
              class="text-2xl"
            >
              Period
            </h2>
            <p
              class="text-4xl"
              data-testid="period"
            >
              1
            </p>
          </div>
          <div
            class="flex flex-col items-center"
          >
            <h2
              class="text-2xl"
            >
              Time
            </h2>
            <p
              class="text-4xl"
              data-testid="time"
            >
              NaN:NaN
            </p>
          </div>
        </div>
        <div
          class="flex flex-col items-center"
        >
          <h2
            class="text-2xl"
          >
            Away
          </h2>
          <p
            class="text-4xl"
            data-testid="away-score"
          >
            0
          </p>
        </div>
      </section>
    </div>
  </body>,
  "container": <div>
    <section
      class="flex flex-row gap-x-8"
    >
      <div
        class="flex flex-col items-center"
      >
        <h2
          class="text-2xl"
        >
          Home
        </h2>
        <p
          class="text-4xl"
          data-testid="home-score"
        >
          0
        </p>
      </div>
      <div
        class="flex flex-col items-center gap-y-4"
      >
        <div
          class="flex flex-col items-center"
        >
          <h2
            class="text-2xl"
          >
            Period
          </h2>
          <p
            class="text-4xl"
            data-testid="period"
          >
            1
          </p>
        </div>
        <div
          class="flex flex-col items-center"
        >
          <h2
            class="text-2xl"
          >
            Time
          </h2>
          <p
            class="text-4xl"
            data-testid="time"
          >
            NaN:NaN
          </p>
        </div>
      </div>
      <div
        class="flex flex-col items-center"
      >
        <h2
          class="text-2xl"
        >
          Away
        </h2>
        <p
          class="text-4xl"
          data-testid="away-score"
        >
          0
        </p>
      </div>
    </section>
  </div>,
  "debug": [Function],
  "findAllByAltText": [Function],
  "findAllByDisplayValue": [Function],
  "findAllByLabelText": [Function],
  "findAllByPlaceholderText": [Function],
  "findAllByRole": [Function],
  "findAllByTestId": [Function],
  "findAllByText": [Function],
  "findAllByTitle": [Function],
  "findByAltText": [Function],
  "findByDisplayValue": [Function],
  "findByLabelText": [Function],
  "findByPlaceholderText": [Function],
  "findByRole": [Function],
  "findByTestId": [Function],
  "findByText": [Function],
  "findByTitle": [Function],
  "getAllByAltText": [Function],
  "getAllByDisplayValue": [Function],
  "getAllByLabelText": [Function],
  "getAllByPlaceholderText": [Function],
  "getAllByRole": [Function],
  "getAllByTestId": [Function],
  "getAllByText": [Function],
  "getAllByTitle": [Function],
  "getByAltText": [Function],
  "getByDisplayValue": [Function],
  "getByLabelText": [Function],
  "getByPlaceholderText": [Function],
  "getByRole": [Function],
  "getByTestId": [Function],
  "getByText": [Function],
  "getByTitle": [Function],
  "queryAllByAltText": [Function],
  "queryAllByDisplayValue": [Function],
  "queryAllByLabelText": [Function],
  "queryAllByPlaceholderText": [Function],
  "queryAllByRole": [Function],
  "queryAllByTestId": [Function],
  "queryAllByText": [Function],
  "queryAllByTitle": [Function],
  "queryByAltText": [Function],
  "queryByDisplayValue": [Function],
  "queryByLabelText": [Function],
  "queryByPlaceholderText": [Function],
  "queryByRole": [Function],
  "queryByTestId": [Function],
  "queryByText": [Function],
  "queryByTitle": [Function],
  "rerender": [Function],
  "unmount": [Function],
}
`;
